[2025-01-27T14:00:01.548+0000][gc,init] CardTable entry size: 512
[2025-01-27T14:00:01.548+0000][gc     ] Using G1
[2025-01-27T14:00:01.555+0000][gc,init] Version: 21.0.5+11-LTS (release)
[2025-01-27T14:00:01.555+0000][gc,init] CPUs: 2 total, 2 available
[2025-01-27T14:00:01.555+0000][gc,init] Memory: 7928M
[2025-01-27T14:00:01.555+0000][gc,init] Large Page Support: Disabled
[2025-01-27T14:00:01.555+0000][gc,init] NUMA Support: Disabled
[2025-01-27T14:00:01.555+0000][gc,init] Compressed Oops: Enabled (32-bit)
[2025-01-27T14:00:01.555+0000][gc,init] Heap Region Size: 1M
[2025-01-27T14:00:01.555+0000][gc,init] Heap Min Capacity: 1G
[2025-01-27T14:00:01.555+0000][gc,init] Heap Initial Capacity: 1G
[2025-01-27T14:00:01.555+0000][gc,init] Heap Max Capacity: 1G
[2025-01-27T14:00:01.555+0000][gc,init] Pre-touch: Disabled
[2025-01-27T14:00:01.555+0000][gc,init] Parallel Workers: 2
[2025-01-27T14:00:01.555+0000][gc,init] Concurrent Workers: 1
[2025-01-27T14:00:01.555+0000][gc,init] Concurrent Refinement Workers: 2
[2025-01-27T14:00:01.555+0000][gc,init] Periodic GC: Disabled
[2025-01-27T14:00:01.561+0000][gc,metaspace] CDS archive(s) mapped at: [0x0000779217000000-0x0000779217c97000-0x0000779217c97000), size 13201408, SharedBaseAddress: 0x0000779217000000, ArchiveRelocationMode: 1.
[2025-01-27T14:00:01.561+0000][gc,metaspace] Compressed class space mapped at: 0x0000779218000000-0x0000779258000000, reserved size: 1073741824
[2025-01-27T14:00:01.561+0000][gc,metaspace] Narrow klass base: 0x0000779217000000, Narrow klass shift: 0, Narrow klass range: 0x100000000
[2025-01-27T14:00:02.889+0000][gc,start    ] GC(0) Pause Young (Normal) (G1 Evacuation Pause)
[2025-01-27T14:00:02.889+0000][gc,task     ] GC(0) Using 2 workers of 2 for evacuation
[2025-01-27T14:00:02.898+0000][gc,phases   ] GC(0)   Pre Evacuate Collection Set: 0.2ms
[2025-01-27T14:00:02.898+0000][gc,phases   ] GC(0)   Merge Heap Roots: 0.1ms
[2025-01-27T14:00:02.898+0000][gc,phases   ] GC(0)   Evacuate Collection Set: 7.9ms
[2025-01-27T14:00:02.898+0000][gc,phases   ] GC(0)   Post Evacuate Collection Set: 0.5ms
[2025-01-27T14:00:02.898+0000][gc,phases   ] GC(0)   Other: 0.2ms
[2025-01-27T14:00:02.898+0000][gc,heap     ] GC(0) Eden regions: 51->0(44)
[2025-01-27T14:00:02.898+0000][gc,heap     ] GC(0) Survivor regions: 0->7(7)
[2025-01-27T14:00:02.898+0000][gc,heap     ] GC(0) Old regions: 2->2
[2025-01-27T14:00:02.898+0000][gc,heap     ] GC(0) Humongous regions: 0->0
[2025-01-27T14:00:02.898+0000][gc,metaspace] GC(0) Metaspace: 19532K(19776K)->19532K(19776K) NonClass: 17028K(17152K)->17028K(17152K) Class: 2503K(2624K)->2503K(2624K)
[2025-01-27T14:00:02.898+0000][gc          ] GC(0) Pause Young (Normal) (G1 Evacuation Pause) 52M->8M(1024M) 9.057ms
[2025-01-27T14:00:02.898+0000][gc,cpu      ] GC(0) User=0.01s Sys=0.01s Real=0.00s
[2025-01-27T14:00:03.057+0000][gc,start    ] GC(1) Pause Young (Concurrent Start) (Metadata GC Threshold)
[2025-01-27T14:00:03.057+0000][gc,task     ] GC(1) Using 2 workers of 2 for evacuation
[2025-01-27T14:00:03.070+0000][gc,phases   ] GC(1)   Pre Evacuate Collection Set: 0.2ms
[2025-01-27T14:00:03.070+0000][gc,phases   ] GC(1)   Merge Heap Roots: 0.0ms
[2025-01-27T14:00:03.070+0000][gc,phases   ] GC(1)   Evacuate Collection Set: 12.4ms
[2025-01-27T14:00:03.070+0000][gc,phases   ] GC(1)   Post Evacuate Collection Set: 0.4ms
[2025-01-27T14:00:03.070+0000][gc,phases   ] GC(1)   Other: 0.2ms
[2025-01-27T14:00:03.070+0000][gc,heap     ] GC(1) Eden regions: 9->0(49)
[2025-01-27T14:00:03.070+0000][gc,heap     ] GC(1) Survivor regions: 7->2(7)
[2025-01-27T14:00:03.070+0000][gc,heap     ] GC(1) Old regions: 2->9
[2025-01-27T14:00:03.070+0000][gc,heap     ] GC(1) Humongous regions: 129->129
[2025-01-27T14:00:03.070+0000][gc,metaspace] GC(1) Metaspace: 21342K(21504K)->21342K(21504K) NonClass: 18612K(18688K)->18612K(18688K) Class: 2730K(2816K)->2730K(2816K)
[2025-01-27T14:00:03.070+0000][gc          ] GC(1) Pause Young (Concurrent Start) (Metadata GC Threshold) 145M->138M(1024M) 13.484ms
[2025-01-27T14:00:03.070+0000][gc,cpu      ] GC(1) User=0.02s Sys=0.00s Real=0.02s
[2025-01-27T14:00:03.070+0000][gc          ] GC(2) Concurrent Mark Cycle
[2025-01-27T14:00:03.070+0000][gc,marking  ] GC(2) Concurrent Scan Root Regions
[2025-01-27T14:00:03.077+0000][gc,marking  ] GC(2) Concurrent Scan Root Regions 6.708ms
[2025-01-27T14:00:03.077+0000][gc,marking  ] GC(2) Concurrent Mark
[2025-01-27T14:00:03.077+0000][gc,marking  ] GC(2) Concurrent Mark From Roots
[2025-01-27T14:00:03.077+0000][gc,task     ] GC(2) Using 1 workers of 1 for marking
[2025-01-27T14:00:03.080+0000][gc,marking  ] GC(2) Concurrent Mark From Roots 2.430ms
[2025-01-27T14:00:03.080+0000][gc,marking  ] GC(2) Concurrent Preclean
[2025-01-27T14:00:03.080+0000][gc,marking  ] GC(2) Concurrent Preclean 0.022ms
[2025-01-27T14:00:03.080+0000][gc,start    ] GC(2) Pause Remark
[2025-01-27T14:00:03.082+0000][gc          ] GC(2) Pause Remark 139M->139M(1024M) 2.310ms
[2025-01-27T14:00:03.082+0000][gc,cpu      ] GC(2) User=0.00s Sys=0.00s Real=0.01s
[2025-01-27T14:00:03.082+0000][gc,marking  ] GC(2) Concurrent Mark 5.086ms
[2025-01-27T14:00:03.082+0000][gc,marking  ] GC(2) Concurrent Rebuild Remembered Sets and Scrub Regions
[2025-01-27T14:00:03.088+0000][gc,marking  ] GC(2) Concurrent Rebuild Remembered Sets and Scrub Regions 5.745ms
[2025-01-27T14:00:03.088+0000][gc,start    ] GC(2) Pause Cleanup
[2025-01-27T14:00:03.088+0000][gc          ] GC(2) Pause Cleanup 139M->139M(1024M) 0.172ms
[2025-01-27T14:00:03.088+0000][gc,cpu      ] GC(2) User=0.00s Sys=0.00s Real=0.01s
[2025-01-27T14:00:03.088+0000][gc,marking  ] GC(2) Concurrent Clear Claimed Marks
[2025-01-27T14:00:03.088+0000][gc,marking  ] GC(2) Concurrent Clear Claimed Marks 0.017ms
[2025-01-27T14:00:03.088+0000][gc,marking  ] GC(2) Concurrent Cleanup for Next Mark
[2025-01-27T14:00:03.102+0000][gc,marking  ] GC(2) Concurrent Cleanup for Next Mark 13.929ms
[2025-01-27T14:00:03.102+0000][gc          ] GC(2) Concurrent Mark Cycle 32.114ms
[2025-01-27T14:04:29.965+0000][gc,start    ] GC(3) Pause Young (Prepare Mixed) (G1 Evacuation Pause)
[2025-01-27T14:04:29.965+0000][gc,task     ] GC(3) Using 2 workers of 2 for evacuation
[2025-01-27T14:04:29.973+0000][gc,phases   ] GC(3)   Pre Evacuate Collection Set: 0.2ms
[2025-01-27T14:04:29.973+0000][gc,phases   ] GC(3)   Merge Heap Roots: 0.0ms
[2025-01-27T14:04:29.973+0000][gc,phases   ] GC(3)   Evacuate Collection Set: 6.7ms
[2025-01-27T14:04:29.973+0000][gc,phases   ] GC(3)   Post Evacuate Collection Set: 0.4ms
[2025-01-27T14:04:29.973+0000][gc,phases   ] GC(3)   Other: 0.1ms
[2025-01-27T14:04:29.973+0000][gc,heap     ] GC(3) Eden regions: 49->0(46)
[2025-01-27T14:04:29.973+0000][gc,heap     ] GC(3) Survivor regions: 2->5(7)
[2025-01-27T14:04:29.973+0000][gc,heap     ] GC(3) Old regions: 9->9
[2025-01-27T14:04:29.973+0000][gc,heap     ] GC(3) Humongous regions: 129->129
[2025-01-27T14:04:29.973+0000][gc,metaspace] GC(3) Metaspace: 33442K(33792K)->33442K(33792K) NonClass: 29591K(29760K)->29591K(29760K) Class: 3850K(4032K)->3850K(4032K)
[2025-01-27T14:04:29.973+0000][gc          ] GC(3) Pause Young (Prepare Mixed) (G1 Evacuation Pause) 187M->141M(1024M) 7.689ms
[2025-01-27T14:04:29.973+0000][gc,cpu      ] GC(3) User=0.01s Sys=0.00s Real=0.01s
[2025-01-27T14:31:41.532+0000][gc,start    ] GC(4) Pause Young (Mixed) (Metadata GC Threshold)
[2025-01-27T14:31:41.533+0000][gc,task     ] GC(4) Using 2 workers of 2 for evacuation
[2025-01-27T14:31:41.541+0000][gc,phases   ] GC(4)   Pre Evacuate Collection Set: 0.2ms
[2025-01-27T14:31:41.541+0000][gc,phases   ] GC(4)   Merge Heap Roots: 0.0ms
[2025-01-27T14:31:41.541+0000][gc,phases   ] GC(4)   Evacuate Collection Set: 7.8ms
[2025-01-27T14:31:41.541+0000][gc,phases   ] GC(4)   Post Evacuate Collection Set: 0.4ms
[2025-01-27T14:31:41.541+0000][gc,phases   ] GC(4)   Other: 0.1ms
[2025-01-27T14:31:41.541+0000][gc,heap     ] GC(4) Eden regions: 29->0(50)
[2025-01-27T14:31:41.542+0000][gc,heap     ] GC(4) Survivor regions: 5->1(7)
[2025-01-27T14:31:41.542+0000][gc,heap     ] GC(4) Old regions: 9->13
[2025-01-27T14:31:41.542+0000][gc,heap     ] GC(4) Humongous regions: 129->129
[2025-01-27T14:31:41.542+0000][gc,metaspace] GC(4) Metaspace: 35974K(36416K)->35974K(36416K) NonClass: 31772K(32000K)->31772K(32000K) Class: 4201K(4416K)->4201K(4416K)
[2025-01-27T14:31:41.542+0000][gc          ] GC(4) Pause Young (Mixed) (Metadata GC Threshold) 170M->143M(1024M) 9.108ms
[2025-01-27T14:31:41.542+0000][gc,cpu      ] GC(4) User=0.01s Sys=0.00s Real=0.01s
[2025-01-27T14:31:41.556+0000][gc,start    ] GC(5) Pause Young (Concurrent Start) (Metadata GC Threshold)
[2025-01-27T14:31:41.556+0000][gc,task     ] GC(5) Using 2 workers of 2 for evacuation
[2025-01-27T14:31:41.558+0000][gc,phases   ] GC(5)   Pre Evacuate Collection Set: 0.2ms
[2025-01-27T14:31:41.558+0000][gc,phases   ] GC(5)   Merge Heap Roots: 0.0ms
[2025-01-27T14:31:41.558+0000][gc,phases   ] GC(5)   Evacuate Collection Set: 1.8ms
[2025-01-27T14:31:41.558+0000][gc,phases   ] GC(5)   Post Evacuate Collection Set: 0.3ms
[2025-01-27T14:31:41.558+0000][gc,phases   ] GC(5)   Other: 0.1ms
[2025-01-27T14:31:41.558+0000][gc,heap     ] GC(5) Eden regions: 1->0(50)
[2025-01-27T14:31:41.558+0000][gc,heap     ] GC(5) Survivor regions: 1->1(7)
[2025-01-27T14:31:41.558+0000][gc,heap     ] GC(5) Old regions: 13->13
[2025-01-27T14:31:41.558+0000][gc,heap     ] GC(5) Humongous regions: 129->129
[2025-01-27T14:31:41.558+0000][gc,metaspace] GC(5) Metaspace: 36288K(36736K)->36288K(36736K) NonClass: 32033K(32320K)->32033K(32320K) Class: 4255K(4416K)->4255K(4416K)
[2025-01-27T14:31:41.558+0000][gc          ] GC(5) Pause Young (Concurrent Start) (Metadata GC Threshold) 143M->142M(1024M) 2.484ms
[2025-01-27T14:31:41.558+0000][gc,cpu      ] GC(5) User=0.00s Sys=0.00s Real=0.00s
[2025-01-27T14:31:41.558+0000][gc          ] GC(6) Concurrent Mark Cycle
[2025-01-27T14:31:41.558+0000][gc,marking  ] GC(6) Concurrent Scan Root Regions
[2025-01-27T14:31:41.560+0000][gc,marking  ] GC(6) Concurrent Scan Root Regions 1.258ms
[2025-01-27T14:31:41.560+0000][gc,marking  ] GC(6) Concurrent Mark
[2025-01-27T14:31:41.560+0000][gc,marking  ] GC(6) Concurrent Mark From Roots
[2025-01-27T14:31:41.560+0000][gc,task     ] GC(6) Using 1 workers of 1 for marking
[2025-01-27T14:31:41.583+0000][gc,marking  ] GC(6) Concurrent Mark From Roots 23.477ms
[2025-01-27T14:31:41.583+0000][gc,marking  ] GC(6) Concurrent Preclean
[2025-01-27T14:31:41.583+0000][gc,marking  ] GC(6) Concurrent Preclean 0.203ms
[2025-01-27T14:31:41.584+0000][gc,start    ] GC(6) Pause Remark
[2025-01-27T14:31:41.590+0000][gc          ] GC(6) Pause Remark 143M->143M(1024M) 6.020ms
[2025-01-27T14:31:41.590+0000][gc,cpu      ] GC(6) User=0.01s Sys=0.00s Real=0.01s
[2025-01-27T14:31:41.591+0000][gc,marking  ] GC(6) Concurrent Mark 31.815ms
[2025-01-27T14:31:41.591+0000][gc,marking  ] GC(6) Concurrent Rebuild Remembered Sets and Scrub Regions
[2025-01-27T14:31:41.598+0000][gc,marking  ] GC(6) Concurrent Rebuild Remembered Sets and Scrub Regions 6.779ms
[2025-01-27T14:31:41.598+0000][gc,start    ] GC(6) Pause Cleanup
[2025-01-27T14:31:41.598+0000][gc          ] GC(6) Pause Cleanup 143M->143M(1024M) 0.166ms
[2025-01-27T14:31:41.599+0000][gc,cpu      ] GC(6) User=0.00s Sys=0.00s Real=0.00s
[2025-01-27T14:31:41.599+0000][gc,marking  ] GC(6) Concurrent Clear Claimed Marks
[2025-01-27T14:31:41.599+0000][gc,marking  ] GC(6) Concurrent Clear Claimed Marks 0.021ms
[2025-01-27T14:31:41.599+0000][gc,marking  ] GC(6) Concurrent Cleanup for Next Mark
[2025-01-27T14:31:41.601+0000][gc,marking  ] GC(6) Concurrent Cleanup for Next Mark 1.985ms
[2025-01-27T14:31:41.601+0000][gc          ] GC(6) Concurrent Mark Cycle 42.341ms
[2025-01-27T15:22:20.206+0000][gc,start    ] GC(7) Pause Young (Prepare Mixed) (G1 Evacuation Pause)
[2025-01-27T15:22:20.207+0000][gc,task     ] GC(7) Using 2 workers of 2 for evacuation
[2025-01-27T15:22:20.216+0000][gc,phases   ] GC(7)   Pre Evacuate Collection Set: 0.3ms
[2025-01-27T15:22:20.216+0000][gc,phases   ] GC(7)   Merge Heap Roots: 0.1ms
[2025-01-27T15:22:20.216+0000][gc,phases   ] GC(7)   Evacuate Collection Set: 7.6ms
[2025-01-27T15:22:20.216+0000][gc,phases   ] GC(7)   Post Evacuate Collection Set: 0.5ms
[2025-01-27T15:22:20.216+0000][gc,phases   ] GC(7)   Other: 0.1ms
[2025-01-27T15:22:20.216+0000][gc,heap     ] GC(7) Eden regions: 50->0(49)
[2025-01-27T15:22:20.216+0000][gc,heap     ] GC(7) Survivor regions: 1->2(7)
[2025-01-27T15:22:20.216+0000][gc,heap     ] GC(7) Old regions: 13->13
[2025-01-27T15:22:20.216+0000][gc,heap     ] GC(7) Humongous regions: 129->129
[2025-01-27T15:22:20.216+0000][gc,metaspace] GC(7) Metaspace: 37189K(37632K)->37189K(37632K) NonClass: 32891K(33152K)->32891K(33152K) Class: 4297K(4480K)->4297K(4480K)
[2025-01-27T15:22:20.216+0000][gc          ] GC(7) Pause Young (Prepare Mixed) (G1 Evacuation Pause) 192M->144M(1024M) 10.320ms
[2025-01-27T15:22:20.216+0000][gc,cpu      ] GC(7) User=0.02s Sys=0.00s Real=0.01s
[2025-01-27T15:22:56.773+0000][gc,start    ] GC(8) Pause Young (Mixed) (G1 Evacuation Pause)
[2025-01-27T15:22:56.773+0000][gc,task     ] GC(8) Using 2 workers of 2 for evacuation
[2025-01-27T15:22:56.784+0000][gc,phases   ] GC(8)   Pre Evacuate Collection Set: 0.3ms
[2025-01-27T15:22:56.784+0000][gc,phases   ] GC(8)   Merge Heap Roots: 0.1ms
[2025-01-27T15:22:56.784+0000][gc,phases   ] GC(8)   Evacuate Collection Set: 9.2ms
[2025-01-27T15:22:56.784+0000][gc,phases   ] GC(8)   Post Evacuate Collection Set: 0.5ms
[2025-01-27T15:22:56.784+0000][gc,phases   ] GC(8)   Other: 0.1ms
[2025-01-27T15:22:56.784+0000][gc,heap     ] GC(8) Eden regions: 49->0(47)
[2025-01-27T15:22:56.784+0000][gc,heap     ] GC(8) Survivor regions: 2->4(7)
[2025-01-27T15:22:56.784+0000][gc,heap     ] GC(8) Old regions: 13->13
[2025-01-27T15:22:56.784+0000][gc,heap     ] GC(8) Humongous regions: 129->129
[2025-01-27T15:22:56.784+0000][gc,metaspace] GC(8) Metaspace: 38854K(39360K)->38854K(39360K) NonClass: 34340K(34624K)->34340K(34624K) Class: 4513K(4736K)->4513K(4736K)
[2025-01-27T15:22:56.784+0000][gc          ] GC(8) Pause Young (Mixed) (G1 Evacuation Pause) 192M->145M(1024M) 10.470ms
[2025-01-27T15:22:56.784+0000][gc,cpu      ] GC(8) User=0.02s Sys=0.00s Real=0.01s
[2025-01-27T15:23:40.227+0000][gc,start    ] GC(9) Pause Young (Normal) (G1 Evacuation Pause)
[2025-01-27T15:23:40.227+0000][gc,task     ] GC(9) Using 2 workers of 2 for evacuation
[2025-01-27T15:23:40.234+0000][gc,phases   ] GC(9)   Pre Evacuate Collection Set: 0.2ms
[2025-01-27T15:23:40.234+0000][gc,phases   ] GC(9)   Merge Heap Roots: 0.1ms
[2025-01-27T15:23:40.234+0000][gc,phases   ] GC(9)   Evacuate Collection Set: 5.8ms
[2025-01-27T15:23:40.234+0000][gc,phases   ] GC(9)   Post Evacuate Collection Set: 0.5ms
[2025-01-27T15:23:40.234+0000][gc,phases   ] GC(9)   Other: 0.1ms
[2025-01-27T15:23:40.234+0000][gc,heap     ] GC(9) Eden regions: 47->0(47)
[2025-01-27T15:23:40.234+0000][gc,heap     ] GC(9) Survivor regions: 4->4(7)
[2025-01-27T15:23:40.234+0000][gc,heap     ] GC(9) Old regions: 13->13
[2025-01-27T15:23:40.234+0000][gc,heap     ] GC(9) Humongous regions: 129->129
[2025-01-27T15:23:40.234+0000][gc,metaspace] GC(9) Metaspace: 38885K(39424K)->38885K(39424K) NonClass: 34370K(34688K)->34370K(34688K) Class: 4514K(4736K)->4514K(4736K)
[2025-01-27T15:23:40.234+0000][gc          ] GC(9) Pause Young (Normal) (G1 Evacuation Pause) 192M->145M(1024M) 6.826ms
[2025-01-27T15:23:40.234+0000][gc,cpu      ] GC(9) User=0.01s Sys=0.00s Real=0.01s
[2025-01-27T15:24:23.280+0000][gc,start    ] GC(10) Pause Young (Normal) (G1 Evacuation Pause)
[2025-01-27T15:24:23.280+0000][gc,task     ] GC(10) Using 2 workers of 2 for evacuation
[2025-01-27T15:24:23.286+0000][gc,phases   ] GC(10)   Pre Evacuate Collection Set: 0.2ms
[2025-01-27T15:24:23.286+0000][gc,phases   ] GC(10)   Merge Heap Roots: 0.1ms
[2025-01-27T15:24:23.286+0000][gc,phases   ] GC(10)   Evacuate Collection Set: 4.8ms
[2025-01-27T15:24:23.286+0000][gc,phases   ] GC(10)   Post Evacuate Collection Set: 0.4ms
[2025-01-27T15:24:23.286+0000][gc,phases   ] GC(10)   Other: 0.1ms
[2025-01-27T15:24:23.286+0000][gc,heap     ] GC(10) Eden regions: 47->0(47)
[2025-01-27T15:24:23.286+0000][gc,heap     ] GC(10) Survivor regions: 4->4(7)
[2025-01-27T15:24:23.286+0000][gc,heap     ] GC(10) Old regions: 13->13
[2025-01-27T15:24:23.286+0000][gc,heap     ] GC(10) Humongous regions: 129->129
[2025-01-27T15:24:23.286+0000][gc,metaspace] GC(10) Metaspace: 38924K(39424K)->38924K(39424K) NonClass: 34410K(34688K)->34410K(34688K) Class: 4514K(4736K)->4514K(4736K)
[2025-01-27T15:24:23.286+0000][gc          ] GC(10) Pause Young (Normal) (G1 Evacuation Pause) 192M->145M(1024M) 5.870ms
[2025-01-27T15:24:23.286+0000][gc,cpu      ] GC(10) User=0.01s Sys=0.00s Real=0.01s
[2025-01-27T15:25:07.228+0000][gc,start    ] GC(11) Pause Young (Normal) (G1 Evacuation Pause)
[2025-01-27T15:25:07.228+0000][gc,task     ] GC(11) Using 2 workers of 2 for evacuation
[2025-01-27T15:25:07.234+0000][gc,phases   ] GC(11)   Pre Evacuate Collection Set: 0.2ms
[2025-01-27T15:25:07.234+0000][gc,phases   ] GC(11)   Merge Heap Roots: 0.1ms
[2025-01-27T15:25:07.234+0000][gc,phases   ] GC(11)   Evacuate Collection Set: 4.9ms
[2025-01-27T15:25:07.234+0000][gc,phases   ] GC(11)   Post Evacuate Collection Set: 0.5ms
[2025-01-27T15:25:07.234+0000][gc,phases   ] GC(11)   Other: 0.1ms
[2025-01-27T15:25:07.234+0000][gc,heap     ] GC(11) Eden regions: 47->0(47)
[2025-01-27T15:25:07.234+0000][gc,heap     ] GC(11) Survivor regions: 4->4(7)
[2025-01-27T15:25:07.234+0000][gc,heap     ] GC(11) Old regions: 13->13
[2025-01-27T15:25:07.234+0000][gc,heap     ] GC(11) Humongous regions: 129->129
[2025-01-27T15:25:07.234+0000][gc,metaspace] GC(11) Metaspace: 38958K(39488K)->38958K(39488K) NonClass: 34443K(34752K)->34443K(34752K) Class: 4514K(4736K)->4514K(4736K)
[2025-01-27T15:25:07.234+0000][gc          ] GC(11) Pause Young (Normal) (G1 Evacuation Pause) 192M->145M(1024M) 5.894ms
[2025-01-27T15:25:07.234+0000][gc,cpu      ] GC(11) User=0.01s Sys=0.00s Real=0.01s
[2025-01-27T15:25:51.043+0000][gc,start    ] GC(12) Pause Young (Normal) (G1 Evacuation Pause)
[2025-01-27T15:25:51.043+0000][gc,task     ] GC(12) Using 2 workers of 2 for evacuation
[2025-01-27T15:25:51.050+0000][gc,phases   ] GC(12)   Pre Evacuate Collection Set: 0.2ms
[2025-01-27T15:25:51.050+0000][gc,phases   ] GC(12)   Merge Heap Roots: 0.1ms
[2025-01-27T15:25:51.050+0000][gc,phases   ] GC(12)   Evacuate Collection Set: 6.3ms
[2025-01-27T15:25:51.050+0000][gc,phases   ] GC(12)   Post Evacuate Collection Set: 0.5ms
[2025-01-27T15:25:51.050+0000][gc,phases   ] GC(12)   Other: 0.1ms
[2025-01-27T15:25:51.050+0000][gc,heap     ] GC(12) Eden regions: 47->0(47)
[2025-01-27T15:25:51.050+0000][gc,heap     ] GC(12) Survivor regions: 4->4(7)
[2025-01-27T15:25:51.050+0000][gc,heap     ] GC(12) Old regions: 13->13
[2025-01-27T15:25:51.050+0000][gc,heap     ] GC(12) Humongous regions: 129->129
[2025-01-27T15:25:51.050+0000][gc,metaspace] GC(12) Metaspace: 38979K(39488K)->38979K(39488K) NonClass: 34465K(34752K)->34465K(34752K) Class: 4514K(4736K)->4514K(4736K)
[2025-01-27T15:25:51.050+0000][gc          ] GC(12) Pause Young (Normal) (G1 Evacuation Pause) 192M->145M(1024M) 7.460ms
[2025-01-27T15:25:51.050+0000][gc,cpu      ] GC(12) User=0.01s Sys=0.00s Real=0.01s
[2025-01-27T15:26:34.248+0000][gc,start    ] GC(13) Pause Young (Normal) (G1 Evacuation Pause)
[2025-01-27T15:26:34.248+0000][gc,task     ] GC(13) Using 2 workers of 2 for evacuation
[2025-01-27T15:26:34.254+0000][gc,phases   ] GC(13)   Pre Evacuate Collection Set: 0.2ms
[2025-01-27T15:26:34.254+0000][gc,phases   ] GC(13)   Merge Heap Roots: 0.1ms
[2025-01-27T15:26:34.254+0000][gc,phases   ] GC(13)   Evacuate Collection Set: 4.9ms
[2025-01-27T15:26:34.254+0000][gc,phases   ] GC(13)   Post Evacuate Collection Set: 0.5ms
[2025-01-27T15:26:34.254+0000][gc,phases   ] GC(13)   Other: 0.1ms
[2025-01-27T15:26:34.254+0000][gc,heap     ] GC(13) Eden regions: 47->0(47)
[2025-01-27T15:26:34.254+0000][gc,heap     ] GC(13) Survivor regions: 4->4(7)
[2025-01-27T15:26:34.254+0000][gc,heap     ] GC(13) Old regions: 13->13
[2025-01-27T15:26:34.254+0000][gc,heap     ] GC(13) Humongous regions: 129->129
[2025-01-27T15:26:34.254+0000][gc,metaspace] GC(13) Metaspace: 38983K(39488K)->38983K(39488K) NonClass: 34469K(34752K)->34469K(34752K) Class: 4514K(4736K)->4514K(4736K)
[2025-01-27T15:26:34.254+0000][gc          ] GC(13) Pause Young (Normal) (G1 Evacuation Pause) 192M->145M(1024M) 5.992ms
[2025-01-27T15:26:34.254+0000][gc,cpu      ] GC(13) User=0.01s Sys=0.00s Real=0.01s
[2025-01-27T15:27:18.613+0000][gc,start    ] GC(14) Pause Young (Normal) (G1 Evacuation Pause)
[2025-01-27T15:27:18.613+0000][gc,task     ] GC(14) Using 2 workers of 2 for evacuation
[2025-01-27T15:27:18.619+0000][gc,phases   ] GC(14)   Pre Evacuate Collection Set: 0.2ms
[2025-01-27T15:27:18.619+0000][gc,phases   ] GC(14)   Merge Heap Roots: 0.1ms
[2025-01-27T15:27:18.619+0000][gc,phases   ] GC(14)   Evacuate Collection Set: 5.0ms
[2025-01-27T15:27:18.619+0000][gc,phases   ] GC(14)   Post Evacuate Collection Set: 0.5ms
[2025-01-27T15:27:18.619+0000][gc,phases   ] GC(14)   Other: 0.1ms
[2025-01-27T15:27:18.619+0000][gc,heap     ] GC(14) Eden regions: 47->0(47)
[2025-01-27T15:27:18.619+0000][gc,heap     ] GC(14) Survivor regions: 4->4(7)
[2025-01-27T15:27:18.619+0000][gc,heap     ] GC(14) Old regions: 13->13
[2025-01-27T15:27:18.619+0000][gc,heap     ] GC(14) Humongous regions: 129->129
[2025-01-27T15:27:18.619+0000][gc,metaspace] GC(14) Metaspace: 38989K(39488K)->38989K(39488K) NonClass: 34475K(34752K)->34475K(34752K) Class: 4514K(4736K)->4514K(4736K)
[2025-01-27T15:27:18.619+0000][gc          ] GC(14) Pause Young (Normal) (G1 Evacuation Pause) 192M->145M(1024M) 6.086ms
[2025-01-27T15:27:18.619+0000][gc,cpu      ] GC(14) User=0.01s Sys=0.01s Real=0.00s
[2025-01-27T15:28:02.618+0000][gc,start    ] GC(15) Pause Young (Normal) (G1 Evacuation Pause)
[2025-01-27T15:28:02.618+0000][gc,task     ] GC(15) Using 2 workers of 2 for evacuation
[2025-01-27T15:28:02.624+0000][gc,phases   ] GC(15)   Pre Evacuate Collection Set: 0.2ms
[2025-01-27T15:28:02.624+0000][gc,phases   ] GC(15)   Merge Heap Roots: 0.1ms
[2025-01-27T15:28:02.624+0000][gc,phases   ] GC(15)   Evacuate Collection Set: 4.9ms
[2025-01-27T15:28:02.624+0000][gc,phases   ] GC(15)   Post Evacuate Collection Set: 0.5ms
[2025-01-27T15:28:02.624+0000][gc,phases   ] GC(15)   Other: 0.1ms
[2025-01-27T15:28:02.624+0000][gc,heap     ] GC(15) Eden regions: 47->0(74)
[2025-01-27T15:28:02.624+0000][gc,heap     ] GC(15) Survivor regions: 4->4(7)
[2025-01-27T15:28:02.624+0000][gc,heap     ] GC(15) Old regions: 13->13
[2025-01-27T15:28:02.624+0000][gc,heap     ] GC(15) Humongous regions: 129->129
[2025-01-27T15:28:02.624+0000][gc,metaspace] GC(15) Metaspace: 39001K(39488K)->39001K(39488K) NonClass: 34487K(34752K)->34487K(34752K) Class: 4514K(4736K)->4514K(4736K)
[2025-01-27T15:28:02.624+0000][gc          ] GC(15) Pause Young (Normal) (G1 Evacuation Pause) 192M->145M(1024M) 5.887ms
[2025-01-27T15:28:02.624+0000][gc,cpu      ] GC(15) User=0.01s Sys=0.00s Real=0.01s
[2025-01-27T15:29:11.327+0000][gc,start    ] GC(16) Pause Young (Normal) (G1 Evacuation Pause)
[2025-01-27T15:29:11.327+0000][gc,task     ] GC(16) Using 2 workers of 2 for evacuation
[2025-01-27T15:29:11.333+0000][gc,phases   ] GC(16)   Pre Evacuate Collection Set: 0.2ms
[2025-01-27T15:29:11.333+0000][gc,phases   ] GC(16)   Merge Heap Roots: 0.1ms
[2025-01-27T15:29:11.333+0000][gc,phases   ] GC(16)   Evacuate Collection Set: 5.3ms
[2025-01-27T15:29:11.333+0000][gc,phases   ] GC(16)   Post Evacuate Collection Set: 0.5ms
[2025-01-27T15:29:11.333+0000][gc,phases   ] GC(16)   Other: 0.1ms
[2025-01-27T15:29:11.333+0000][gc,heap     ] GC(16) Eden regions: 74->0(247)
[2025-01-27T15:29:11.333+0000][gc,heap     ] GC(16) Survivor regions: 4->4(10)
[2025-01-27T15:29:11.333+0000][gc,heap     ] GC(16) Old regions: 13->13
[2025-01-27T15:29:11.333+0000][gc,heap     ] GC(16) Humongous regions: 129->129
[2025-01-27T15:29:11.333+0000][gc,metaspace] GC(16) Metaspace: 39041K(39552K)->39041K(39552K) NonClass: 34526K(34816K)->34526K(34816K) Class: 4514K(4736K)->4514K(4736K)
[2025-01-27T15:29:11.333+0000][gc          ] GC(16) Pause Young (Normal) (G1 Evacuation Pause) 219M->145M(1024M) 6.432ms
[2025-01-27T15:29:11.333+0000][gc,cpu      ] GC(16) User=0.01s Sys=0.00s Real=0.01s
[2025-01-27T15:33:03.495+0000][gc,start    ] GC(17) Pause Young (Normal) (G1 Evacuation Pause)
[2025-01-27T15:33:03.495+0000][gc,task     ] GC(17) Using 2 workers of 2 for evacuation
[2025-01-27T15:33:03.502+0000][gc,phases   ] GC(17)   Pre Evacuate Collection Set: 0.2ms
[2025-01-27T15:33:03.502+0000][gc,phases   ] GC(17)   Merge Heap Roots: 0.1ms
[2025-01-27T15:33:03.502+0000][gc,phases   ] GC(17)   Evacuate Collection Set: 5.8ms
[2025-01-27T15:33:03.502+0000][gc,phases   ] GC(17)   Post Evacuate Collection Set: 0.6ms
[2025-01-27T15:33:03.502+0000][gc,phases   ] GC(17)   Other: 0.1ms
[2025-01-27T15:33:03.502+0000][gc,heap     ] GC(17) Eden regions: 250->0(537)
[2025-01-27T15:33:03.502+0000][gc,heap     ] GC(17) Survivor regions: 4->4(32)
[2025-01-27T15:33:03.502+0000][gc,heap     ] GC(17) Old regions: 13->13
[2025-01-27T15:33:03.502+0000][gc,heap     ] GC(17) Humongous regions: 129->129
[2025-01-27T15:33:03.502+0000][gc,metaspace] GC(17) Metaspace: 39128K(39616K)->39128K(39616K) NonClass: 34605K(34880K)->34605K(34880K) Class: 4522K(4736K)->4522K(4736K)
[2025-01-27T15:33:03.502+0000][gc          ] GC(17) Pause Young (Normal) (G1 Evacuation Pause) 395M->145M(1024M) 7.105ms
[2025-01-27T15:33:03.502+0000][gc,cpu      ] GC(17) User=0.01s Sys=0.00s Real=0.01s
[2025-01-27T15:37:11.426+0000][gc,heap,exit] Heap
[2025-01-27T15:37:11.426+0000][gc,heap,exit]  garbage-first heap   total 1048576K, used 418207K [0x00000000c0000000, 0x0000000100000000)
[2025-01-27T15:37:11.426+0000][gc,heap,exit]   region size 1024K, 267 young (273408K), 4 survivors (4096K)
[2025-01-27T15:37:11.426+0000][gc,heap,exit]  Metaspace       used 39708K, committed 40256K, reserved 1114112K
[2025-01-27T15:37:11.426+0000][gc,heap,exit]   class space    used 4648K, committed 4864K, reserved 1048576K
