[2025-01-27T13:59:47.183+0000][gc,init] CardTable entry size: 512
[2025-01-27T13:59:47.183+0000][gc     ] Using G1
[2025-01-27T13:59:47.186+0000][gc,init] Version: 21.0.5+11-LTS (release)
[2025-01-27T13:59:47.186+0000][gc,init] CPUs: 2 total, 2 available
[2025-01-27T13:59:47.186+0000][gc,init] Memory: 7928M
[2025-01-27T13:59:47.186+0000][gc,init] Large Page Support: Disabled
[2025-01-27T13:59:47.186+0000][gc,init] NUMA Support: Disabled
[2025-01-27T13:59:47.186+0000][gc,init] Compressed Oops: Enabled (32-bit)
[2025-01-27T13:59:47.186+0000][gc,init] Heap Region Size: 1M
[2025-01-27T13:59:47.187+0000][gc,init] Heap Min Capacity: 512M
[2025-01-27T13:59:47.187+0000][gc,init] Heap Initial Capacity: 512M
[2025-01-27T13:59:47.187+0000][gc,init] Heap Max Capacity: 512M
[2025-01-27T13:59:47.187+0000][gc,init] Pre-touch: Disabled
[2025-01-27T13:59:47.187+0000][gc,init] Parallel Workers: 2
[2025-01-27T13:59:47.187+0000][gc,init] Concurrent Workers: 1
[2025-01-27T13:59:47.187+0000][gc,init] Concurrent Refinement Workers: 2
[2025-01-27T13:59:47.187+0000][gc,init] Periodic GC: Disabled
[2025-01-27T13:59:47.193+0000][gc,metaspace] CDS archive(s) mapped at: [0x00007d0567000000-0x00007d0567c97000-0x00007d0567c97000), size 13201408, SharedBaseAddress: 0x00007d0567000000, ArchiveRelocationMode: 1.
[2025-01-27T13:59:47.193+0000][gc,metaspace] Compressed class space mapped at: 0x00007d0568000000-0x00007d05a8000000, reserved size: 1073741824
[2025-01-27T13:59:47.193+0000][gc,metaspace] Narrow klass base: 0x00007d0567000000, Narrow klass shift: 0, Narrow klass range: 0x100000000
[2025-01-27T14:00:48.021+0000][gc,start    ] GC(0) Pause Young (Normal) (G1 Evacuation Pause)
[2025-01-27T14:00:48.021+0000][gc,task     ] GC(0) Using 2 workers of 2 for evacuation
[2025-01-27T14:00:48.028+0000][gc,phases   ] GC(0)   Pre Evacuate Collection Set: 0.1ms
[2025-01-27T14:00:48.028+0000][gc,phases   ] GC(0)   Merge Heap Roots: 0.0ms
[2025-01-27T14:00:48.028+0000][gc,phases   ] GC(0)   Evacuate Collection Set: 6.3ms
[2025-01-27T14:00:48.028+0000][gc,phases   ] GC(0)   Post Evacuate Collection Set: 0.4ms
[2025-01-27T14:00:48.028+0000][gc,phases   ] GC(0)   Other: 0.2ms
[2025-01-27T14:00:48.028+0000][gc,heap     ] GC(0) Eden regions: 25->0(21)
[2025-01-27T14:00:48.028+0000][gc,heap     ] GC(0) Survivor regions: 0->4(4)
[2025-01-27T14:00:48.029+0000][gc,heap     ] GC(0) Old regions: 2->4
[2025-01-27T14:00:48.029+0000][gc,heap     ] GC(0) Humongous regions: 0->0
[2025-01-27T14:00:48.029+0000][gc,metaspace] GC(0) Metaspace: 8440K(8640K)->8440K(8640K) NonClass: 7564K(7680K)->7564K(7680K) Class: 875K(960K)->875K(960K)
[2025-01-27T14:00:48.029+0000][gc          ] GC(0) Pause Young (Normal) (G1 Evacuation Pause) 26M->6M(512M) 7.309ms
[2025-01-27T14:00:48.029+0000][gc,cpu      ] GC(0) User=0.01s Sys=0.00s Real=0.01s
[2025-01-27T15:37:14.989+0000][gc,heap,exit] Heap
[2025-01-27T15:37:14.990+0000][gc,heap,exit]  garbage-first heap   total 524288K, used 15634K [0x00000000e0000000, 0x0000000100000000)
[2025-01-27T15:37:14.990+0000][gc,heap,exit]   region size 1024K, 13 young (13312K), 4 survivors (4096K)
[2025-01-27T15:37:14.990+0000][gc,heap,exit]  Metaspace       used 8873K, committed 9024K, reserved 1114112K
[2025-01-27T15:37:14.990+0000][gc,heap,exit]   class space    used 876K, committed 960K, reserved 1048576K
